"K": 0, "title": "", "M": 32, "N": 32
################################
#..............................#
#.###s########################.#
#.#.###.......#...#..........#.#
#.#.....#####.###.#.########.#.#
#.###.###.#.#..#..#.#......#.#.#
#...#.#.#.#...###...#.#.##.#.#.#
#.#.###.#.##.########.#.##...#.#
#.#.###.#..#.#...#....#....###.#
#.#.#.#.##.#.#...#.#######.#.#.#
#.#........#.#...#.....#.....#.#
#.########.#.##.######.#.###.#.#
#.#.#......#..#.#...#..#.#.#.#.#
#.#.####.####.#.#.#.#.##.#.#.#.#
#...#.......#.#.#.#.#..#.....#.#
#.###.##.####.#.#.####.#####.#.#
#.#.###..#..#.#.#.#........#.#.#
#.#.###.###.#.#.#.#.#.####.#.#.#
#.#.....###.#.#.#.#.#.#....#.#.#
#.#.#.#.#.#.#.#.#.#.########.#.#
#.#.#.#.....#.....#....#.....#.#
#.###.################.#.#.#.#.#
#.#...#..............#.#.#...#.#
#.#.####.#############.#.#.#.#.#
#.#....................#.....#.#
#.#.####.###############.#.#.#.#
#.#..#x#.#...#.......###.....#.#
#.#.##.#.###.###.###.###.#.###.#
#.#..........#...#...#.#.#...#.#
#.##################.#.###.###.#
#......................#.......#
################################
